2025-11-16 12:02:31 - Starting C:\Program Files\nodejs\node.exe  --harmony --max_old_space_size=4096 E:\wheel_clean\agent\node_modules\node-windows\lib\wrapper.js --file C:\ThermalAgent\server.js --scriptoptions= --log "Thermal Printer Agent wrapper" --grow 0.25 --wait 1 --maxrestarts 3 --abortonerror n --stopparentfirst undefined
2025-11-16 12:02:31 - Started 26392
2025-11-16 17:13:01 - Starting C:\Program Files\nodejs\node.exe  --harmony --max_old_space_size=4096 E:\wheel_clean\agent\node_modules\node-windows\lib\wrapper.js --file C:\ThermalAgent\server.js --scriptoptions= --log "Thermal Printer Agent wrapper" --grow 0.25 --wait 1 --maxrestarts 3 --abortonerror n --stopparentfirst undefined
2025-11-16 17:13:42 - Starting C:\Program Files\nodejs\node.exe  --harmony --max_old_space_size=4096 E:\wheel_clean\agent\node_modules\node-windows\lib\wrapper.js --file C:\ThermalAgent\server.js --scriptoptions= --log "Thermal Printer Agent wrapper" --grow 0.25 --wait 1 --maxrestarts 3 --abortonerror n --stopparentfirst undefined
2025-11-16 17:18:49 - Starting C:\Program Files\nodejs\node.exe  --harmony --max_old_space_size=4096 E:\wheel_clean\agent\node_modules\node-windows\lib\wrapper.js --file C:\ThermalAgent\server.js --scriptoptions= --log "Thermal Printer Agent wrapper" --grow 0.25 --wait 1 --maxrestarts 3 --abortonerror n --stopparentfirst undefined
2025-11-16 17:18:49 - Started 5804
2025-11-16 17:19:08 - Starting C:\Program Files\nodejs\node.exe  --harmony --max_old_space_size=4096 E:\wheel_clean\agent\node_modules\node-windows\lib\wrapper.js --file C:\ThermalAgent\server.js --scriptoptions= --log "Thermal Printer Agent wrapper" --grow 0.25 --wait 1 --maxrestarts 3 --abortonerror n --stopparentfirst undefined
2025-11-16 17:19:08 - Started 8980
2025-11-16 17:19:49 - Starting C:\Program Files\nodejs\node.exe  --harmony --max_old_space_size=4096 C:\ThermalAgent\node_modules\node-windows\lib\wrapper.js --file C:\ThermalAgent\server.js --scriptoptions= --log "Thermal Printer Agent wrapper" --grow 0.25 --wait 1 --maxrestarts 3 --abortonerror n --stopparentfirst undefined
2025-11-16 17:19:49 - Started 1684
2025-11-16 17:23:38 - Stopping thermalprinteragent.exe
2025-11-16 17:23:38 - ProcessKill 1684
2025-11-16 17:23:38 - Found child process: 12820 Name: conhost.exe
2025-11-16 17:23:38 - Found child process: 7736 Name: node.exe
2025-11-16 17:23:38 - Stopping process 12820
2025-11-16 17:23:38 - Send SIGINT 12820
2025-11-16 17:23:38 - SIGINT to 12820 failed - Killing as fallback
2025-11-16 17:23:38 - Stopping process 7736
2025-11-16 17:23:38 - Send SIGINT 7736
2025-11-16 17:23:38 - SIGINT to 7736 failed - Killing as fallback
2025-11-16 17:23:38 - Stopping process 1684
2025-11-16 17:23:39 - Send SIGINT 1684
2025-11-16 17:23:39 - SIGINT to 1684 failed - Killing as fallback
2025-11-16 17:23:39 - Finished thermalprinteragent.exe
2025-11-16 17:25:17 - Starting C:\Program Files\nodejs\node.exe  --harmony --max_old_space_size=4096 C:\ThermalAgent\node_modules\node-windows\lib\wrapper.js --file C:\ThermalAgent\server.js --scriptoptions= --log "Thermal Printer Agent wrapper" --grow 0.25 --wait 1 --maxrestarts 3 --abortonerror n --stopparentfirst undefined
2025-11-16 17:25:17 - Started 18004
2025-11-16 17:26:20 - Starting C:\Program Files\nodejs\node.exe  --harmony --max_old_space_size=4096 C:\ThermalAgent\node_modules\node-windows\lib\wrapper.js --file C:\ThermalAgent\server.js --scriptoptions= --log "Thermal Printer Agent wrapper" --grow 0.25 --wait 1 --maxrestarts 3 --abortonerror n --stopparentfirst undefined
2025-11-16 17:26:20 - Started 9452
2025-11-16 17:27:14 - Stopping thermalprinteragent.exe
2025-11-16 17:27:14 - ProcessKill 9452
2025-11-16 17:27:14 - Found child process: 13912 Name: conhost.exe
2025-11-16 17:27:14 - Found child process: 19780 Name: node.exe
2025-11-16 17:27:14 - Stopping process 13912
2025-11-16 17:27:14 - Send SIGINT 13912
2025-11-16 17:27:14 - SIGINT to 13912 failed - Killing as fallback
2025-11-16 17:27:14 - Stopping process 19780
2025-11-16 17:27:14 - Send SIGINT 19780
2025-11-16 17:27:14 - SIGINT to 19780 failed - Killing as fallback
2025-11-16 17:27:14 - Stopping process 9452
2025-11-16 17:27:14 - Send SIGINT 9452
2025-11-16 17:27:14 - SIGINT to 9452 failed - Killing as fallback
2025-11-16 17:27:14 - Finished thermalprinteragent.exe
2025-11-16 17:27:37 - Starting C:\Program Files\nodejs\node.exe  --harmony --max_old_space_size=4096 C:\ThermalAgent\node_modules\node-windows\lib\wrapper.js --file C:\ThermalAgent\server.js --scriptoptions= --log "Thermal Printer Agent wrapper" --grow 0.25 --wait 1 --maxrestarts 3 --abortonerror n --stopparentfirst undefined
2025-11-16 17:27:37 - Started 22004
2025-11-16 17:28:45 - Stopping thermalprinteragent.exe
2025-11-16 17:28:45 - ProcessKill 22004
2025-11-16 17:28:45 - Found child process: 4068 Name: conhost.exe
2025-11-16 17:28:45 - Found child process: 20968 Name: node.exe
2025-11-16 17:28:45 - Stopping process 4068
2025-11-16 17:28:45 - Send SIGINT 4068
2025-11-16 17:28:45 - SIGINT to 4068 failed - Killing as fallback
2025-11-16 17:28:45 - Stopping process 20968
2025-11-16 17:28:45 - Send SIGINT 20968
2025-11-16 17:28:45 - SIGINT to 20968 failed - Killing as fallback
2025-11-16 17:28:45 - Stopping process 22004
2025-11-16 17:28:45 - Send SIGINT 22004
2025-11-16 17:28:45 - SIGINT to 22004 failed - Killing as fallback
2025-11-16 17:28:45 - Finished thermalprinteragent.exe
2025-11-16 17:28:47 - Starting C:\Program Files\nodejs\node.exe  --harmony --max_old_space_size=4096 C:\ThermalAgent\node_modules\node-windows\lib\wrapper.js --file C:\ThermalAgent\server.js --scriptoptions= --log "Thermal Printer Agent wrapper" --grow 0.25 --wait 1 --maxrestarts 3 --abortonerror n --stopparentfirst undefined
2025-11-16 17:28:47 - Started 20388
2025-11-17 10:28:12 - Starting C:\Program Files\nodejs\node.exe  --harmony --max_old_space_size=4096 C:\ThermalAgent\node_modules\node-windows\lib\wrapper.js --file C:\ThermalAgent\server.js --scriptoptions= --log "Thermal Printer Agent wrapper" --grow 0.25 --wait 1 --maxrestarts 3 --abortonerror n --stopparentfirst undefined
2025-11-17 10:28:12 - Started 19388
2025-11-17 10:29:03 - Stopping thermalprinteragent.exe
2025-11-17 10:29:03 - ProcessKill 19388
2025-11-17 10:29:03 - Found child process: 9004 Name: conhost.exe
2025-11-17 10:29:03 - Found child process: 34024 Name: node.exe
2025-11-17 10:29:04 - Stopping process 9004
2025-11-17 10:29:04 - Send SIGINT 9004
2025-11-17 10:29:04 - SIGINT to 9004 failed - Killing as fallback
2025-11-17 10:29:04 - Stopping process 34024
2025-11-17 10:29:04 - Send SIGINT 34024
2025-11-17 10:29:04 - SIGINT to 34024 failed - Killing as fallback
2025-11-17 10:29:04 - Stopping process 19388
2025-11-17 10:29:04 - Send SIGINT 19388
2025-11-17 10:29:04 - SIGINT to 19388 failed - Killing as fallback
2025-11-17 10:29:04 - Finished thermalprinteragent.exe
2025-11-17 10:29:05 - Starting C:\Program Files\nodejs\node.exe  --harmony --max_old_space_size=4096 C:\ThermalAgent\node_modules\node-windows\lib\wrapper.js --file C:\ThermalAgent\server.js --scriptoptions= --log "Thermal Printer Agent wrapper" --grow 0.25 --wait 1 --maxrestarts 3 --abortonerror n --stopparentfirst undefined
2025-11-17 10:29:05 - Started 28284
2025-11-17 10:41:22 - Stopping thermalprinteragent.exe
2025-11-17 10:41:22 - ProcessKill 28284
2025-11-17 10:41:22 - Shutdown exception
Message:A system shutdown is in progress.

Stacktrace:   at System.Runtime.InteropServices.Marshal.ThrowExceptionForHRInternal(Int32 errorCode, IntPtr errorInfo)
   at System.Management.ManagementScope.InitializeGuts(Object o)
   at System.Management.ManagementScope.Initialize()
   at System.Management.ManagementObjectSearcher.Initialize()
   at System.Management.ManagementObjectSearcher.Get()
   at winsw.WrapperService.GetChildPids(Int32 pid)
   at winsw.WrapperService.StopProcessAndChildren(Int32 pid)
   at winsw.WrapperService.StopIt()
   at winsw.WrapperService.OnShutdown()
2025-11-17 10:42:00 - Starting C:\Program Files\nodejs\node.exe  --harmony --max_old_space_size=4096 C:\ThermalAgent\node_modules\node-windows\lib\wrapper.js --file C:\ThermalAgent\server.js --scriptoptions= --log "Thermal Printer Agent wrapper" --grow 0.25 --wait 1 --maxrestarts 3 --abortonerror n --stopparentfirst undefined
2025-11-17 10:42:00 - Started 7152
2025-11-17 11:07:44 - Stopping thermalprinteragent.exe
2025-11-17 11:07:44 - ProcessKill 7152
2025-11-17 11:07:44 - Found child process: 6112 Name: conhost.exe
2025-11-17 11:07:44 - Found child process: 7728 Name: node.exe
2025-11-17 11:07:44 - Stopping process 6112
2025-11-17 11:07:44 - Send SIGINT 6112
2025-11-17 11:07:44 - SIGINT to 6112 failed - Killing as fallback
2025-11-17 11:07:45 - Found child process: 17276 Name: cmd.exe
2025-11-17 11:07:45 - Found child process: 9660 Name: conhost.exe
2025-11-17 11:07:45 - Found child process: 26396 Name: powershell.exe
2025-11-17 11:07:45 - Stopping process 9660
2025-11-17 11:07:45 - Process 9660 is already stopped
2025-11-17 11:07:45 - Stopping process 26396
2025-11-17 11:07:45 - Process 26396 is already stopped
2025-11-17 11:07:45 - Stopping process 17276
2025-11-17 11:07:45 - Process 17276 is already stopped
2025-11-17 11:07:45 - Stopping process 7728
2025-11-17 11:07:45 - Send SIGINT 7728
2025-11-17 11:07:45 - SIGINT to 7728 failed - Killing as fallback
2025-11-17 11:07:45 - Stopping process 7152
2025-11-17 11:07:45 - Send SIGINT 7152
2025-11-17 11:07:45 - SIGINT to 7152 failed - Killing as fallback
2025-11-17 11:07:45 - Finished thermalprinteragent.exe
2025-11-17 11:07:45 - Starting C:\Program Files\nodejs\node.exe  --harmony --max_old_space_size=4096 C:\ThermalAgent\node_modules\node-windows\lib\wrapper.js --file C:\ThermalAgent\server.js --scriptoptions= --log "Thermal Printer Agent wrapper" --grow 0.25 --wait 1 --maxrestarts 3 --abortonerror n --stopparentfirst undefined
2025-11-17 11:07:45 - Started 13456
2025-11-22 00:34:42 - Stopping thermalprinteragent.exe
2025-11-22 00:34:42 - ProcessKill 13456
2025-11-22 00:34:42 - Found child process: 13944 Name: conhost.exe
2025-11-22 00:34:42 - Found child process: 26740 Name: node.exe
2025-11-22 00:34:43 - Stopping process 13944
2025-11-22 00:34:43 - Send SIGINT 13944
2025-11-22 00:34:43 - SIGINT to 13944 failed - Killing as fallback
2025-11-22 00:34:43 - Stopping process 26740
2025-11-22 00:34:43 - Send SIGINT 26740
2025-11-22 00:34:43 - SIGINT to 26740 failed - Killing as fallback
2025-11-22 00:34:43 - Stopping process 13456
2025-11-22 00:34:43 - Send SIGINT 13456
2025-11-22 00:34:43 - SIGINT to 13456 failed - Killing as fallback
2025-11-22 00:34:43 - Finished thermalprinteragent.exe
2025-11-22 00:34:43 - Starting C:\Program Files\nodejs\node.exe  --harmony --max_old_space_size=4096 C:\ThermalAgent\node_modules\node-windows\lib\wrapper.js --file C:\ThermalAgent\server.js --scriptoptions= --log "Thermal Printer Agent wrapper" --grow 0.25 --wait 1 --maxrestarts 3 --abortonerror n --stopparentfirst undefined
2025-11-22 00:34:43 - Started 25540
2025-11-25 08:47:03 - Starting C:\Program Files\nodejs\node.exe  --harmony --max_old_space_size=4096 C:\ThermalAgent\node_modules\node-windows\lib\wrapper.js --file C:\ThermalAgent\server.js --scriptoptions= --log "Thermal Printer Agent wrapper" --grow 0.25 --wait 1 --maxrestarts 3 --abortonerror n --stopparentfirst undefined
2025-11-25 08:47:03 - Started 5016
2025-11-29 10:08:42 - Stopping thermalprinteragent.exe
2025-11-29 10:08:42 - ProcessKill 5016
2025-11-29 10:08:42 - Found child process: 6916 Name: conhost.exe
2025-11-29 10:08:42 - Found child process: 7700 Name: node.exe
2025-11-29 10:08:43 - Stopping process 6916
2025-11-29 10:08:43 - Send SIGINT 6916
2025-11-29 10:08:43 - SIGINT to 6916 failed - Killing as fallback
2025-11-29 10:08:43 - Stopping process 7700
2025-11-29 10:08:43 - Send SIGINT 7700
2025-11-29 10:08:43 - SIGINT to 7700 failed - Killing as fallback
2025-11-29 10:08:43 - Stopping process 5016
2025-11-29 10:08:43 - Send SIGINT 5016
2025-11-29 10:08:43 - SIGINT to 5016 failed - Killing as fallback
2025-11-29 10:08:43 - Finished thermalprinteragent.exe
2025-11-29 10:08:43 - Starting C:\Program Files\nodejs\node.exe  --harmony --max_old_space_size=4096 C:\ThermalAgent\node_modules\node-windows\lib\wrapper.js --file C:\ThermalAgent\server.js --scriptoptions= --log "Thermal Printer Agent wrapper" --grow 0.25 --wait 1 --maxrestarts 3 --abortonerror n --stopparentfirst undefined
2025-11-29 10:08:43 - Started 41944
2025-12-16 04:14:07 - Stopping thermalprinteragent.exe
2025-12-16 04:14:07 - ProcessKill 41944
2025-12-16 04:14:07 - Shutdown exception
Message:A system shutdown is in progress.

Stacktrace:   at System.Runtime.InteropServices.Marshal.ThrowExceptionForHRInternal(Int32 errorCode, IntPtr errorInfo)
   at System.Management.ManagementScope.InitializeGuts(Object o)
   at System.Management.ManagementScope.Initialize()
   at System.Management.ManagementObjectSearcher.Initialize()
   at System.Management.ManagementObjectSearcher.Get()
   at winsw.WrapperService.GetChildPids(Int32 pid)
   at winsw.WrapperService.StopProcessAndChildren(Int32 pid)
   at winsw.WrapperService.StopIt()
   at winsw.WrapperService.OnShutdown()
2025-12-16 04:14:45 - Starting C:\Program Files\nodejs\node.exe  --harmony --max_old_space_size=4096 C:\ThermalAgent\node_modules\node-windows\lib\wrapper.js --file C:\ThermalAgent\server.js --scriptoptions= --log "Thermal Printer Agent wrapper" --grow 0.25 --wait 1 --maxrestarts 3 --abortonerror n --stopparentfirst undefined
2025-12-16 04:14:45 - Started 6944
2025-12-16 04:15:39 - Stopping thermalprinteragent.exe
2025-12-16 04:15:39 - ProcessKill 6944
2025-12-16 04:15:40 - Shutdown exception
Message:A system shutdown is in progress.

Stacktrace:   at System.Runtime.InteropServices.Marshal.ThrowExceptionForHRInternal(Int32 errorCode, IntPtr errorInfo)
   at System.Management.ManagementScope.InitializeGuts(Object o)
   at System.Management.ManagementScope.Initialize()
   at System.Management.ManagementObjectSearcher.Initialize()
   at System.Management.ManagementObjectSearcher.Get()
   at winsw.WrapperService.GetChildPids(Int32 pid)
   at winsw.WrapperService.StopProcessAndChildren(Int32 pid)
   at winsw.WrapperService.StopIt()
   at winsw.WrapperService.OnShutdown()
2025-12-16 04:16:16 - Starting C:\Program Files\nodejs\node.exe  --harmony --max_old_space_size=4096 C:\ThermalAgent\node_modules\node-windows\lib\wrapper.js --file C:\ThermalAgent\server.js --scriptoptions= --log "Thermal Printer Agent wrapper" --grow 0.25 --wait 1 --maxrestarts 3 --abortonerror n --stopparentfirst undefined
2025-12-16 04:16:17 - Started 7060
